V3 3
FL $XILINX/NOT_DFM/NOT_DE.vhd 2017/02/18.08:45:19 J.36
EN isim_temp/NOT_DE 1487387915 FL $XILINX/NOT_DFM/NOT_DE.vhd \
      PB ieee/std_logic_1164 1179176983 PB ieee/std_logic_arith 1179176985 \
      PB ieee/STD_LOGIC_UNSIGNED 1179176991
AR isim_temp/NOT_DE/Behavioral 1487387916 \
      FL $XILINX/NOT_DFM/NOT_DE.vhd EN isim_temp/NOT_DE 1487387915
