EN adder_de NULL "C:/Users/BAKA/Documents/Xilinx Baka/ADDER_DFM/ADDER_DE.vhd" sub00/vhpl00 1487392141
AR adder_de behavioral "C:/Users/BAKA/Documents/Xilinx Baka/ADDER_DFM/ADDER_DE.vhd" sub00/vhpl01 1487392142
MO ADDER_S NULL "C:/Users/BAKA/Documents/Xilinx Baka/ADDER_DFM/ADDER_S.tfw" vlg42/_a_d_d_e_r___s.bin 1487392141
MO glbl NULL C:/Xilinx92i/verilog/src/glbl.v vlg2D/glbl.bin 1487392141
